# an output.map file that uses regular expressions to
# control where the outputs are placed.
(.*)template_(.*)\.txt  file://${ProjectDir}/outputs/Normalize/Parameters/[0] site="local" regex="true"
(.*)_dimensions.csv  file://${ProjectDir}/outputs/Normalize/Parameters/[0] site="local" regex="true"
(.*)_initial_template(.*)\.nii.gz file://${ProjectDir}/outputs/Normalize/Images/[0] site="local" regex="true"
(.*)_template.nii.gz file://${ProjectDir}/outputs/Normalize/Templates/[0] site="local" regex="true"
(.*)_template_iso.nii.gz file://${ProjectDir}/outputs/Normalize/Templates/[0] site="local" regex="true"
(.*)_template_fa.nii.gz file://${ProjectDir}/outputs/Normalize/Scalars/[0] site="local" regex="true"
(.*)_template_iso_fa.nii.gz file://${ProjectDir}/outputs/Normalize/Scalars/[0] site="local" regex="true"
(.*)_template(.*)\.nii.gz file://${ProjectDir}/outputs/Normalize/Images/[0] site="local" regex="true"
(.*)_mean(.*)\.nii.gz file://${ProjectDir}/outputs/Normalize/Means/[0] site="local" regex="true"
(.*)_composed.df.nii.gz file://${ProjectDir}/outputs/Normalize/ComposedWarps/[0] site="local" regex="true"
(.*)_composed_inv.df.nii.gz file://${ProjectDir}/outputs/Normalize/ComposedWarps/[0] site="local" regex="true"
(.*)_composed(.*)\.nii.gz file://${ProjectDir}/outputs/Normalize/Images/[0] site="local" regex="true"
(.*)_df(.*)\.df.nii.gz file://${ProjectDir}/outputs/Normalize/Deformations/[0] site="local" regex="true"
(.*)_df(.*)\.nii.gz file://${ProjectDir}/outputs/Normalize/Images/[0] site="local" regex="true"
(.*)_di(.*)\.nii.gz file://${ProjectDir}/outputs/Normalize/Images/[0] site="local" regex="true"
(.*)_di(.*)\.df.nii.gz file://${ProjectDir}/outputs/Normalize/Images/[0] site="local" regex="true"
(.*)_aff.nii.gz file://${ProjectDir}/outputs/Normalize/Images/[0] site="local" regex="true"
(.*).aff file://${ProjectDir}/outputs/Normalize/Affine/[0] site="local" regex="true"
.*   file://${ProjectDir}/outputs/[0] site="local" regex="true"
